[    0.000000] Linux version 4.15.0-192-generic (buildd@lcy02-amd64-029) (gcc version 7.5.0 (Ubuntu 7.5.0-3ubuntu1~18.04)) #203-Ubuntu SMP Wed Aug 10 17:40:03 UTC 2022 (Ubuntu 4.15.0-192.203-generic 4.15.18)
[    0.000000] Command line: BOOT_IMAGE=/boot/vmlinuz-4.15.0-192-generic root=LABEL=cloudimg-rootfs ro console=tty1 console=ttyS0
[    0.000000] KERNEL supported cpus:
[    0.000000]   Intel GenuineIntel
[    0.000000]   AMD AuthenticAMD
[    0.000000]   Centaur CentaurHauls
[    0.000000] x86/fpu: Supporting XSAVE feature 0x001: 'x87 floating point registers'
[    0.000000] x86/fpu: Supporting XSAVE feature 0x002: 'SSE registers'
[    0.000000] x86/fpu: Supporting XSAVE feature 0x004: 'AVX registers'
[    0.000000] x86/fpu: xstate_offset[2]:  576, xstate_sizes[2]:  256
[    0.000000] x86/fpu: Enabled xstate features 0x7, context size is 832 bytes, using 'standard' format.
[    0.000000] e820: BIOS-provided physical RAM map:
[    0.000000] BIOS-e820: [mem 0x0000000000000000-0x000000000009fbff] usable
[    0.000000] BIOS-e820: [mem 0x000000000009fc00-0x000000000009ffff] reserved
[    0.000000] BIOS-e820: [mem 0x00000000000f0000-0x00000000000fffff] reserved
[    0.000000] BIOS-e820: [mem 0x0000000000100000-0x00000000dffeffff] usable
[    0.000000] BIOS-e820: [mem 0x00000000dfff0000-0x00000000dfffffff] ACPI data
[    0.000000] BIOS-e820: [mem 0x00000000fec00000-0x00000000fec00fff] reserved
[    0.000000] BIOS-e820: [mem 0x00000000fee00000-0x00000000fee00fff] reserved
[    0.000000] BIOS-e820: [mem 0x00000000fffc0000-0x00000000ffffffff] reserved
[    0.000000] BIOS-e820: [mem 0x0000000100000000-0x000000011fffffff] usable
[    0.000000] NX (Execute Disable) protection: active
[    0.000000] SMBIOS 2.5 present.
[    0.000000] DMI: innotek GmbH VirtualBox/VirtualBox, BIOS VirtualBox 12/01/2006
[    0.000000] Hypervisor detected: KVM
[    0.000000] e820: last_pfn = 0x120000 max_arch_pfn = 0x400000000
[    0.000000] MTRR: Disabled
[    0.000000] x86/PAT: MTRRs disabled, skipping PAT initialization too.
[    0.000000] CPU MTRRs all blank - virtualized system.
[    0.000000] x86/PAT: Configuration [0-7]: WB  WT  UC- UC  WB  WT  UC- UC  
[    0.000000] e820: last_pfn = 0xdfff0 max_arch_pfn = 0x400000000
[    0.000000] found SMP MP-table at [mem 0x0009fff0-0x0009ffff]
[    0.000000] Scanning 1 areas for low memory corruption
[    0.000000] RAMDISK: [mem 0x359cb000-0x36cdcfff]
[    0.000000] ACPI: Early table checksum verification disabled
[    0.000000] ACPI: RSDP 0x00000000000E0000 000024 (v02 VBOX  )
[    0.000000] ACPI: XSDT 0x00000000DFFF0030 00003C (v01 VBOX   VBOXXSDT 00000001 ASL  00000061)
[    0.000000] ACPI: FACP 0x00000000DFFF00F0 0000F4 (v04 VBOX   VBOXFACP 00000001 ASL  00000061)
[    0.000000] ACPI: DSDT 0x00000000DFFF0470 002325 (v02 VBOX   VBOXBIOS 00000002 INTL 20120111)
[    0.000000] ACPI: FACS 0x00000000DFFF0200 000040
[    0.000000] ACPI: FACS 0x00000000DFFF0200 000040
[    0.000000] ACPI: APIC 0x00000000DFFF0240 00005C (v02 VBOX   VBOXAPIC 00000001 ASL  00000061)
[    0.000000] ACPI: SSDT 0x00000000DFFF02A0 0001CC (v01 VBOX   VBOXCPUT 00000002 INTL 20120111)
[    0.000000] ACPI: Reserving FACP table memory at [mem 0xdfff00f0-0xdfff01e3]
[    0.000000] ACPI: Reserving DSDT table memory at [mem 0xdfff0470-0xdfff2794]
[    0.000000] ACPI: Reserving FACS table memory at [mem 0xdfff0200-0xdfff023f]
[    0.000000] ACPI: Reserving FACS table memory at [mem 0xdfff0200-0xdfff023f]
[    0.000000] ACPI: Reserving APIC table memory at [mem 0xdfff0240-0xdfff029b]
[    0.000000] ACPI: Reserving SSDT table memory at [mem 0xdfff02a0-0xdfff046b]
[    0.000000] No NUMA configuration found
[    0.000000] Faking a node at [mem 0x0000000000000000-0x000000011fffffff]
[    0.000000] NODE_DATA(0) allocated [mem 0x11ffd5000-0x11fffffff]
[    0.000000] kvm-clock: cpu 0, msr 1:1ff54001, primary cpu clock
[    0.000000] kvm-clock: Using msrs 4b564d01 and 4b564d00
[    0.000000] kvm-clock: using sched offset of 4070228791 cycles
[    0.000000] clocksource: kvm-clock: mask: 0xffffffffffffffff max_cycles: 0x1cd42e4dffb, max_idle_ns: 881590591483 ns
[    0.000000] Zone ranges:
[    0.000000]   DMA      [mem 0x0000000000001000-0x0000000000ffffff]
[    0.000000]   DMA32    [mem 0x0000000001000000-0x00000000ffffffff]
[    0.000000]   Normal   [mem 0x0000000100000000-0x000000011fffffff]
[    0.000000]   Device   empty
[    0.000000] Movable zone start for each node
[    0.000000] Early memory node ranges
[    0.000000]   node   0: [mem 0x0000000000001000-0x000000000009efff]
[    0.000000]   node   0: [mem 0x0000000000100000-0x00000000dffeffff]
[    0.000000]   node   0: [mem 0x0000000100000000-0x000000011fffffff]
[    0.000000] Reserved but unavailable: 104 pages
[    0.000000] Initmem setup node 0 [mem 0x0000000000001000-0x000000011fffffff]
[    0.000000] ACPI: PM-Timer IO Port: 0x4008
[    0.000000] IOAPIC[0]: apic_id 2, version 32, address 0xfec00000, GSI 0-23
[    0.000000] ACPI: INT_SRC_OVR (bus 0 bus_irq 0 global_irq 2 dfl dfl)
[    0.000000] ACPI: INT_SRC_OVR (bus 0 bus_irq 9 global_irq 9 low level)
[    0.000000] Using ACPI (MADT) for SMP configuration information
[    0.000000] smpboot: Allowing 2 CPUs, 0 hotplug CPUs
[    0.000000] PM: Registered nosave memory: [mem 0x00000000-0x00000fff]
[    0.000000] PM: Registered nosave memory: [mem 0x0009f000-0x0009ffff]
[    0.000000] PM: Registered nosave memory: [mem 0x000a0000-0x000effff]
[    0.000000] PM: Registered nosave memory: [mem 0x000f0000-0x000fffff]
[    0.000000] PM: Registered nosave memory: [mem 0xdfff0000-0xdfffffff]
[    0.000000] PM: Registered nosave memory: [mem 0xe0000000-0xfebfffff]
[    0.000000] PM: Registered nosave memory: [mem 0xfec00000-0xfec00fff]
[    0.000000] PM: Registered nosave memory: [mem 0xfec01000-0xfedfffff]
[    0.000000] PM: Registered nosave memory: [mem 0xfee00000-0xfee00fff]
[    0.000000] PM: Registered nosave memory: [mem 0xfee01000-0xfffbffff]
[    0.000000] PM: Registered nosave memory: [mem 0xfffc0000-0xffffffff]
[    0.000000] e820: [mem 0xe0000000-0xfebfffff] available for PCI devices
[    0.000000] Booting paravirtualized kernel on KVM
[    0.000000] clocksource: refined-jiffies: mask: 0xffffffff max_cycles: 0xffffffff, max_idle_ns: 7645519600211568 ns
[    0.000000] random: get_random_bytes called from start_kernel+0x99/0x500 with crng_init=0
[    0.000000] setup_percpu: NR_CPUS:8192 nr_cpumask_bits:2 nr_cpu_ids:2 nr_node_ids:1
[    0.000000] percpu: Embedded 50 pages/cpu s167936 r8192 d28672 u1048576
[    0.000000] PV qspinlock hash table entries: 256 (order: 0, 4096 bytes)
[    0.000000] Built 1 zonelists, mobility grouping on.  Total pages: 1032057
[    0.000000] Policy zone: Normal
[    0.000000] Kernel command line: BOOT_IMAGE=/boot/vmlinuz-4.15.0-192-generic root=LABEL=cloudimg-rootfs ro console=tty1 console=ttyS0
[    0.000000] Memory: 4013272K/4193848K available (12300K kernel code, 2484K rwdata, 4324K rodata, 2468K init, 2724K bss, 180576K reserved, 0K cma-reserved)
[    0.000000] SLUB: HWalign=64, Order=0-3, MinObjects=0, CPUs=2, Nodes=1
[    0.000000] Kernel/User page tables isolation: enabled
[    0.000000] ftrace: allocating 39482 entries in 155 pages
[    0.004000] Hierarchical RCU implementation.
[    0.004000] 	RCU restricting CPUs from NR_CPUS=8192 to nr_cpu_ids=2.
[    0.004000] 	Tasks RCU enabled.
[    0.004000] RCU: Adjusting geometry for rcu_fanout_leaf=16, nr_cpu_ids=2
[    0.004000] NR_IRQS: 524544, nr_irqs: 440, preallocated irqs: 16
[    0.004000] Console: colour VGA+ 80x25
[    0.004000] console [tty1] enabled
[    0.004000] console [ttyS0] enabled
[    0.004000] ACPI: Core revision 20170831
[    0.004000] ACPI: 2 ACPI AML tables successfully acquired and loaded
[    0.004000] APIC: Switch to symmetric I/O mode setup
[    0.004000] x2apic enabled
[    0.004000] Switched APIC routing to physical x2apic.
[    0.005289] ..TIMER: vector=0x30 apic1=0 pin1=2 apic2=-1 pin2=-1
[    0.008002] tsc: Detected 2494.316 MHz processor
[    0.012008] Calibrating delay loop (skipped) preset value.. 4988.63 BogoMIPS (lpj=9977264)
[    0.014640] pid_max: default: 32768 minimum: 301
[    0.016046] Security Framework initialized
[    0.020009] Yama: becoming mindful.
[    0.021324] AppArmor: AppArmor initialized
[    0.025386] Dentry cache hash table entries: 524288 (order: 10, 4194304 bytes)
[    0.029283] Inode-cache hash table entries: 262144 (order: 9, 2097152 bytes)
[    0.032039] Mount-cache hash table entries: 8192 (order: 4, 65536 bytes)
[    0.036026] Mountpoint-cache hash table entries: 8192 (order: 4, 65536 bytes)
[    0.040324] Last level iTLB entries: 4KB 512, 2MB 8, 4MB 8
[    0.042091] Last level dTLB entries: 4KB 512, 2MB 32, 4MB 32, 1GB 0
[    0.044000] Spectre V1 : Mitigation: usercopy/swapgs barriers and __user pointer sanitization
[    0.044004] Spectre V2 : Mitigation: Retpolines
[    0.048002] Spectre V2 : Spectre v2 / SpectreRSB mitigation: Filling RSB on context switch
[    0.050827] Speculative Store Bypass: Vulnerable
[    0.052035] MDS: Mitigation: Clear CPU buffers
[    0.053488] SRBDS: Unknown: Dependent on hypervisor status
[    0.056029] Freeing SMP alternatives memory: 36K
[    0.168114] smpboot: CPU0: Intel(R) Core(TM) i5-3210M CPU @ 2.50GHz (family: 0x6, model: 0x3a, stepping: 0x9)
[    0.172000] Performance Events: unsupported p6 CPU model 58 no PMU driver, software events only.
[    0.172056] Hierarchical SRCU implementation.
[    0.174443] NMI watchdog: Perf event create on CPU 0 failed with -2
[    0.176004] NMI watchdog: Perf NMI watchdog permanently disabled
[    0.177990] smp: Bringing up secondary CPUs ...
[    0.181189] x86: Booting SMP configuration:
[    0.182774] .... node  #0, CPUs:      #1
[    0.004000] kvm-clock: cpu 1, msr 1:1ff54041, secondary cpu clock
[    0.190630] smp: Brought up 1 node, 2 CPUs
[    0.192005] smpboot: Max logical packages: 1
[    0.193409] smpboot: Total of 2 processors activated (9977.26 BogoMIPS)
[    0.196054] devtmpfs: initialized
[    0.197166] x86/mm: Memory block size: 128MB
[    0.199065] evm: security.selinux
[    0.200000] evm: security.SMACK64
[    0.200005] evm: security.SMACK64EXEC
[    0.201239] evm: security.SMACK64TRANSMUTE
[    0.202666] evm: security.SMACK64MMAP
[    0.204004] evm: security.apparmor
[    0.205141] evm: security.ima
[    0.206190] evm: security.capability
[    0.208091] clocksource: jiffies: mask: 0xffffffff max_cycles: 0xffffffff, max_idle_ns: 7645041785100000 ns
[    0.211165] futex hash table entries: 512 (order: 3, 32768 bytes)
[    0.212051] pinctrl core: initialized pinctrl subsystem
[    0.213926] RTC time: 15:28:45, date: 09/21/22
[    0.216268] NET: Registered protocol family 16
[    0.218045] audit: initializing netlink subsys (disabled)
[    0.220042] audit: type=2000 audit(1663774131.223:1): state=initialized audit_enabled=0 res=1
[    0.224039] cpuidle: using governor ladder
[    0.225467] cpuidle: using governor menu
[    0.226905] ACPI: bus type PCI registered
[    0.228013] acpiphp: ACPI Hot Plug PCI Controller Driver version: 0.5
[    0.232154] PCI: Using configuration type 1 for base access
[    0.237082] HugeTLB registered 2.00 MiB page size, pre-allocated 0 pages
[    0.240093] ACPI: Added _OSI(Module Device)
[    0.241520] ACPI: Added _OSI(Processor Device)
[    0.244005] ACPI: Added _OSI(3.0 _SCP Extensions)
[    0.246253] ACPI: Added _OSI(Processor Aggregator Device)
[    0.248014] ACPI: Added _OSI(Linux-Dell-Video)
[    0.249475] ACPI: Added _OSI(Linux-Lenovo-NV-HDMI-Audio)
[    0.251241] ACPI: Added _OSI(Linux-HPI-Hybrid-Graphics)
[    0.252556] ACPI: Executed 1 blocks of module-level executable AML code
[    0.259425] ACPI: Interpreter enabled
[    0.260014] ACPI: (supports S0 S5)
[    0.261304] ACPI: Using IOAPIC for interrupt routing
[    0.264025] PCI: Using host bridge windows from ACPI; if necessary, use "pci=nocrs" and report a bug
[    0.267421] ACPI: Enabled 2 GPEs in block 00 to 07
[    0.278735] ACPI: PCI Root Bridge [PCI0] (domain 0000 [bus 00-ff])
[    0.280008] acpi PNP0A03:00: _OSC: OS supports [ASPM ClockPM Segments MSI]
[    0.282743] acpi PNP0A03:00: _OSC: not requesting OS control; OS requires [ExtendedConfig ASPM ClockPM MSI]
[    0.284016] acpi PNP0A03:00: fail to add MMCONFIG information, can't access extended PCI configuration space under this bridge.
[    0.288750] PCI host bridge to bus 0000:00
[    0.292004] pci_bus 0000:00: root bus resource [io  0x0000-0x0cf7 window]
[    0.294156] pci_bus 0000:00: root bus resource [io  0x0d00-0xffff window]
[    0.296004] pci_bus 0000:00: root bus resource [mem 0x000a0000-0x000bffff window]
[    0.298576] pci_bus 0000:00: root bus resource [mem 0xe0000000-0xfdffffff window]
[    0.300004] pci_bus 0000:00: root bus resource [bus 00-ff]
[    0.308370] pci 0000:00:01.1: legacy IDE quirk: reg 0x10: [io  0x01f0-0x01f7]
[    0.310617] pci 0000:00:01.1: legacy IDE quirk: reg 0x14: [io  0x03f6]
[    0.312004] pci 0000:00:01.1: legacy IDE quirk: reg 0x18: [io  0x0170-0x0177]
[    0.314313] pci 0000:00:01.1: legacy IDE quirk: reg 0x1c: [io  0x0376]
[    0.374805] pci 0000:00:07.0: quirk: [io  0x4000-0x403f] claimed by PIIX4 ACPI
[    0.376036] pci 0000:00:07.0: quirk: [io  0x4100-0x410f] claimed by PIIX4 SMB
[    0.428947] ACPI: PCI Interrupt Link [LNKA] (IRQs 5 9 10 *11)
[    0.433371] ACPI: PCI Interrupt Link [LNKB] (IRQs 5 9 *10 11)
[    0.436613] ACPI: PCI Interrupt Link [LNKC] (IRQs 5 *9 10 11)
[    0.440457] ACPI: PCI Interrupt Link [LNKD] (IRQs 5 9 10 *11)
[    0.444824] SCSI subsystem initialized
[    0.448131] pci 0000:00:02.0: vgaarb: setting as boot VGA device
[    0.452000] pci 0000:00:02.0: vgaarb: VGA device added: decodes=io+mem,owns=io+mem,locks=none
[    0.452012] pci 0000:00:02.0: vgaarb: bridge control possible
[    0.456031] vgaarb: loaded
[    0.460095] ACPI: bus type USB registered
[    0.464085] usbcore: registered new interface driver usbfs
[    0.468088] usbcore: registered new interface driver hub
[    0.472044] usbcore: registered new device driver usb
[    0.476264] EDAC MC: Ver: 3.0.0
[    0.480965] PCI: Using ACPI for IRQ routing
[    0.484690] NetLabel: Initializing
[    0.488003] NetLabel:  domain hash size = 128
[    0.489412] NetLabel:  protocols = UNLABELED CIPSOv4 CALIPSO
[    0.492021] NetLabel:  unlabeled traffic allowed by default
[    0.494974] clocksource: Switched to clocksource kvm-clock
[    0.510545] VFS: Disk quotas dquot_6.6.0
[    0.512172] VFS: Dquot-cache hash table entries: 512 (order 0, 4096 bytes)
[    0.515750] AppArmor: AppArmor Filesystem Enabled
[    0.517476] pnp: PnP ACPI init
[    0.520845] pnp: PnP ACPI: found 3 devices
[    0.531544] clocksource: acpi_pm: mask: 0xffffff max_cycles: 0xffffff, max_idle_ns: 2085701024 ns
[    0.534898] NET: Registered protocol family 2
[    0.536465] IP idents hash table entries: 65536 (order: 7, 524288 bytes)
[    0.539150] TCP established hash table entries: 32768 (order: 6, 262144 bytes)
[    0.541779] TCP bind hash table entries: 32768 (order: 7, 524288 bytes)
[    0.544157] TCP: Hash tables configured (established 32768 bind 32768)
[    0.547520] UDP hash table entries: 2048 (order: 4, 65536 bytes)
[    0.549517] UDP-Lite hash table entries: 2048 (order: 4, 65536 bytes)
[    0.551612] NET: Registered protocol family 1
[    0.553131] pci 0000:00:00.0: Limiting direct PCI/PCI transfers
[    0.555058] pci 0000:00:01.0: Activating ISA DMA hang workarounds
[    0.557123] pci 0000:00:02.0: Video device with shadowed ROM at [mem 0x000c0000-0x000dffff]
[    0.559951] Unpacking initramfs...
[    0.855366] Freeing initrd memory: 19528K
[    0.856918] PCI-DMA: Using software bounce buffering for IO (SWIOTLB)
[    0.858997] software IO TLB: mapped [mem 0xdbff0000-0xdfff0000] (64MB)
[    0.861893] clocksource: tsc: mask: 0xffffffffffffffff max_cycles: 0x23f4406cc0d, max_idle_ns: 440795293671 ns
[    0.868666] platform rtc_cmos: registered platform RTC device (no PNP device found)
[    0.871891] Scanning for low memory corruption every 60 seconds
[    0.874640] Initialise system trusted keyrings
[    0.876175] Key type blacklist registered
[    0.877820] workingset: timestamp_bits=36 max_order=20 bucket_order=0
[    0.880851] zbud: loaded
[    0.883498] squashfs: version 4.0 (2009/01/31) Phillip Lougher
[    0.885836] fuse init (API version 7.26)
[    0.889609] Key type asymmetric registered
[    0.890984] Asymmetric key parser 'x509' registered
[    0.892716] Block layer SCSI generic (bsg) driver version 0.4 loaded (major 246)
[    0.895278] io scheduler noop registered
[    0.896692] io scheduler deadline registered
[    0.898113] io scheduler cfq registered (default)
[    0.900258] ACPI: AC Adapter [AC] (on-line)
[    0.902355] input: Power Button as /devices/LNXSYSTM:00/LNXPWRBN:00/input/input0
[    0.905574] ACPI: Power Button [PWRF]
[    0.907202] input: Sleep Button as /devices/LNXSYSTM:00/LNXSLPBN:00/input/input1
[    0.910726] ACPI: Sleep Button [SLPF]
[    0.914362] ACPI: Battery Slot [BAT0] (battery present)
[    0.916093] Serial: 8250/16550 driver, 32 ports, IRQ sharing enabled
[    0.939242] 00:02: ttyS0 at I/O 0x3f8 (irq = 4, base_baud = 115200) is a 16550A
[    0.945854] Linux agpgart interface v0.103
[    0.950708] loop: module loaded
[    0.953292] scsi host0: ata_piix
[    0.954685] scsi host1: ata_piix
[    0.956108] ata1: PATA max UDMA/33 cmd 0x1f0 ctl 0x3f6 bmdma 0xd000 irq 14
[    0.958518] ata2: PATA max UDMA/33 cmd 0x170 ctl 0x376 bmdma 0xd008 irq 15
[    0.961722] tun: Universal TUN/TAP device driver, 1.6
[    0.963501] PPP generic driver version 2.4.2
[    0.965057] ehci_hcd: USB 2.0 'Enhanced' Host Controller (EHCI) Driver
[    0.967138] ehci-pci: EHCI PCI platform driver
[    0.968677] ehci-platform: EHCI generic platform driver
[    0.970373] ohci_hcd: USB 1.1 'Open' Host Controller (OHCI) Driver
[    0.972419] ohci-pci: OHCI PCI platform driver
[    0.973880] ohci-platform: OHCI generic platform driver
[    0.975576] uhci_hcd: USB Universal Host Controller Interface driver
[    0.977951] i8042: PNP: PS/2 Controller [PNP0303:PS2K,PNP0f03:PS2M] at 0x60,0x64 irq 1,12
[    0.981154] serio: i8042 KBD port at 0x60,0x64 irq 1
[    0.982865] serio: i8042 AUX port at 0x60,0x64 irq 12
[    0.984798] mousedev: PS/2 mouse device common for all mice
[    0.987317] input: AT Translated Set 2 keyboard as /devices/platform/i8042/serio0/input/input2
[    0.990252] rtc_cmos rtc_cmos: rtc core: registered rtc_cmos as rtc0
[    0.992602] rtc_cmos rtc_cmos: alarms up to one day, 114 bytes nvram
[    0.994636] i2c /dev entries driver
[    0.995851] device-mapper: uevent: version 1.0.3
[    0.997617] device-mapper: ioctl: 4.37.0-ioctl (2017-09-20) initialised: dm-devel@redhat.com
[    1.000684] ledtrig-cpu: registered to indicate activity on CPUs
[    1.004795] NET: Registered protocol family 10
[    1.011050] Segment Routing with IPv6
[    1.012635] NET: Registered protocol family 17
[    1.015272] Key type dns_resolver registered
[    1.017313] mce: Using 0 MCE banks
[    1.018477] RAS: Correctable Errors collector initialized.
[    1.020235] sched_clock: Marking stable (1017281813, 0)->(1397290200, -380008387)
[    1.023269] registered taskstats version 1
[    1.024758] Loading compiled-in X.509 certificates
[    1.029210] Loaded X.509 cert 'Build time autogenerated kernel key: af04d57e94487e4500da7630f19b69a59e91d95a'
[    1.033191] Loaded X.509 cert 'Canonical Ltd. Live Patch Signing: 14df34d1a87cf37625abec039ef2bf521249b969'
[    1.037221] Loaded X.509 cert 'Canonical Ltd. Kernel Module Signing: 88f752e560a1e0737e31163a466ad7b70a850c19'
[    1.040391] blacklist: Loading compiled-in revocation X.509 certificates
[    1.042834] Loaded X.509 cert 'Canonical Ltd. Secure Boot Signing: 61482aa2830d0ab2ad5af10b7250da9033ddcef0'
[    1.046182] zswap: loaded using pool lzo/zbud
[    1.051607] Key type big_key registered
[    1.053207] Key type trusted registered
[    1.056317] Key type encrypted registered
[    1.057711] AppArmor: AppArmor sha1 policy hashing enabled
[    1.059489] ima: No TPM chip found, activating TPM-bypass! (rc=-19)
[    1.061586] ima: Allocated hash algorithm: sha1
[    1.063335] evm: HMAC attrs: 0x1
[    1.064954]   Magic number: 6:115:488
[    1.066221] regulator regulator.0: hash matches
[    1.067821] rtc_cmos rtc_cmos: setting system clock to 2022-09-21 15:28:46 UTC (1663774126)
[    1.070721] BIOS EDD facility v0.16 2004-Jun-25, 0 devices found
[    1.072746] EDD information not available.
[    1.146133] Freeing unused kernel image memory: 2468K
[    1.160607] Write protecting the kernel read-only data: 20480k
[    1.164434] Freeing unused kernel image memory: 2008K
[    1.166668] Freeing unused kernel image memory: 1820K
[    1.177124] x86/mm: Checked W+X mappings: passed, no W+X pages found.
[    1.179213] x86/mm: Checking user space page tables
[    1.187727] x86/mm: Checked W+X mappings: passed, no W+X pages found.
Loading, please wait...
starting version 237
[    1.277694] Fusion MPT base driver 3.04.20
[    1.279635] Copyright (c) 1999-2008 LSI Corporation
[    1.309102] e1000: Intel(R) PRO/1000 Network Driver - version 7.3.21-k8-NAPI
[    1.312836] e1000: Copyright (c) 1999-2006 Intel Corporation.
[    1.318869] AVX version of gcm_enc/dec engaged.
[    1.321188] AES CTR mode by8 optimization enabled
[    1.333856] Fusion MPT SPI Host driver 3.04.20
[    1.522926] input: ImExPS/2 Generic Explorer Mouse as /devices/platform/i8042/serio1/input/input4
[    1.901572] e1000 0000:00:03.0 eth0: (PCI:33MHz:32-bit) 02:de:0f:a2:7f:32
[    1.904403] e1000 0000:00:03.0 eth0: Intel(R) PRO/1000 Network Connection
[    1.908366] mptbase: ioc0: Initiating bringup
[    2.925149] ioc0: LSI53C1030 A0: Capabilities={Initiator}
[    5.750072] scsi host2: ioc0: LSI53C1030 A0, FwRev=00000000h, Ports=1, MaxQ=256, IRQ=20
[    7.537158] scsi 2:0:0:0: Direct-Access     VBOX     HARDDISK         1.0  PQ: 0 ANSI: 5
[    7.568403] scsi target2:0:0: Beginning Domain Validation
[    7.573655] scsi target2:0:0: Domain Validation skipping write tests
[    7.576123] scsi target2:0:0: Ending Domain Validation
[    7.578141] scsi target2:0:0: asynchronous
[    7.585698] scsi 2:0:1:0: Direct-Access     VBOX     HARDDISK         1.0  PQ: 0 ANSI: 5
[    7.848125] scsi target2:0:1: Beginning Domain Validation
[    7.853316] random: fast init done
[    7.855657] scsi target2:0:1: Domain Validation skipping write tests
[    7.859189] scsi target2:0:1: Ending Domain Validation
[    7.861998] scsi target2:0:1: asynchronous
[    7.869570] random: systemd-udevd: uninitialized urandom read (16 bytes read)
[    7.873324] random: systemd-udevd: uninitialized urandom read (16 bytes read)
[    7.877266] sd 2:0:0:0: Attached scsi generic sg0 type 0
[    7.880845] sd 2:0:0:0: [sda] 83886080 512-byte logical blocks: (42.9 GB/40.0 GiB)
[    7.891317] sd 2:0:1:0: Attached scsi generic sg1 type 0
[    7.896740] sd 2:0:1:0: [sdb] 20480 512-byte logical blocks: (10.5 MB/10.0 MiB)
[    7.910085] sd 2:0:0:0: [sda] Write Protect is off
[    7.922731] random: systemd-udevd: uninitialized urandom read (16 bytes read)
[    7.943081] sd 2:0:1:0: [sdb] Write Protect is off
[    7.954712] sd 2:0:0:0: [sda] Incomplete mode parameter data
[    7.960196] sd 2:0:0:0: [sda] Assuming drive cache: write through
[    7.963330] sd 2:0:1:0: [sdb] Incomplete mode parameter data
[    7.975899] sd 2:0:1:0: [sdb] Assuming drive cache: write through
[    7.979333]  sda: sda1
[    7.981832] sd 2:0:0:0: [sda] Attached SCSI disk
[    7.985293] sd 2:0:1:0: [sdb] Attached SCSI disk
[    8.020578] e1000 0000:00:08.0 eth1: (PCI:33MHz:32-bit) 08:00:27:8d:cd:b6
[    8.028703] e1000 0000:00:08.0 eth1: Intel(R) PRO/1000 Network Connection
[    8.032405] e1000 0000:00:08.0 enp0s8: renamed from eth1
[    8.113291] e1000 0000:00:03.0 enp0s3: renamed from eth0
Begin: Loading essential drivers ... [    9.940042] raid6: sse2x1   gen()  8789 MB/s
[    9.992050] raid6: sse2x1   xor()  6103 MB/s
[   10.044090] raid6: sse2x2   gen()  8806 MB/s
[   10.092021] raid6: sse2x2   xor()  6795 MB/s
[   10.140086] raid6: sse2x4   gen() 11261 MB/s
[   10.189986] raid6: sse2x4   xor()  8313 MB/s
[   10.191699] raid6: using algorithm sse2x4 gen() 11261 MB/s
[   10.193971] raid6: .... xor() 8313 MB/s, rmw enabled
[   10.196122] raid6: using ssse3x2 recovery algorithm
[   10.199159] xor: automatically using best checksumming function   avx       
[   10.202867] async_tx: api initialized (async)
done.
Begin: Running /scripts/init-premount ... done.
Begin: Mounting root file system ... Begin: Running /scripts/local-top ... done.
Begin: Running /scripts/local-premount ... [   10.260874] Btrfs loaded, crc32c=crc32c-intel
Scanning for Btrfs filesystems
done.
Warning: fsck not present, so skipping root file system
[   10.292350] EXT4-fs (sda1): mounted filesystem with ordered data mode. Opts: (null)
done.
Begin: Running /scripts/local-bottom ... done.
Begin: Running /scripts/init-bottom ... done.
[   10.445906] ip_tables: (C) 2000-2006 Netfilter Core Team
[   10.455499] systemd[1]: systemd 237 running in system mode. (+PAM +AUDIT +SELINUX +IMA +APPARMOR +SMACK +SYSVINIT +UTMP +LIBCRYPTSETUP +GCRYPT +GNUTLS +ACL +XZ +LZ4 +SECCOMP +BLKID +ELFUTILS +KMOD -IDN2 +IDN -PCRE2 default-hierarchy=hybrid)
[   10.462813] systemd[1]: Detected virtualization oracle.
[   10.464591] systemd[1]: Detected architecture x86-64.

Welcome to [1mUbuntu 18.04.6 LTS[0m!

[   10.473178] systemd[1]: Set hostname to <ubuntu>.
[   10.477778] systemd[1]: Initializing machine ID from random generator.
[   10.479920] systemd[1]: Installed transient /etc/machine-id file.
[   10.754390] systemd[1]: Reached target System Time Synchronized.
[[0;32m  OK  [0m] Reached target System Time Synchronized.
[   10.766833] systemd[1]: Started Forward Password Requests to Wall Directory Watch.
[[0;32m  OK  [0m] Started Forward Password Requests to Wall Directory Watch.
[   10.784442] systemd[1]: Created slice User and Session Slice.
[[0;32m  OK  [0m] Created slice User and Session Slice.
[   10.791681] systemd[1]: Reached target User and Group Name Lookups.
[[0;32m  OK  [0m] Reached target User and Group Name Lookups.
[[0;32m  OK  [0m] Reached target Swap.
[[0;32m  OK  [0m] Created slice System Slice.
[[0;32m  OK  [0m] Reached target Slices.
[[0;32m  OK  [0m] Listening on /dev/initctl Compatibility Named Pipe.
[[0;32m  OK  [0m] Listening on udev Control Socket.
[[0;32m  OK  [0m] Created slice system-serial\x2dgetty.slice.
[[0;32m  OK  [0m] Listening on Network Service Netlink Socket.
[[0;32m  OK  [0m] Listening on Journal Socket.
         Starting Create list of required stâ€¦ce nodes for the current kernel...
         Mounting Kernel Debug File System...
         Starting Set the console keyboard layout...
         Starting Uncomplicated firewall...
[[0;32m  OK  [0m] Listening on fsck to fsckd communication Socket.
         Starting Load Kernel Modules...
[[0;32m  OK  [0m] Listening on LVM2 metadata daemon socket.
[[0;32m  OK  [0m] Listening on udev Kernel Socket.
         Starting udev Coldplug all Devices...
[[0;32m  OK  [0m] Listening on Device-mapper event daemon FIFOs.
         Starting Monitoring of LVM2 mirrorsâ€¦ng dmeventd or progress polling...
[[0;32m  OK  [0m] Set up automount Arbitrary Executabâ€¦rmats File System Automount Point.
         Mounting POSIX Message Queue File System...
[[0;32m  OK  [0m] Listening on Journal Audit Socket.
[[0;32m  OK  [0m] Listening on Journal Socket (/dev/log).
         Starting File System Check on Root Device...
[[0;32m  OK  [0m] Listening on LVM2 poll daemon socket.
[[0;32m  OK  [0m] Listening on Syslog Socket.
         Starting Journal Service...
         Mounting Huge Pages File System...
[   10.955985] Loading iSCSI transport class v2.0-870.
[[0;32m  OK  [0m] Started Create list of required staâ€¦vice nodes for the current kernel.
[[0;32m  OK  [0m] Mounted Kernel Debug File System.
[[0;32m  OK  [0m] Started Uncomplicated firewall.
[[0;32m  OK  [0m] Started LVM2 metadata daemon.
         Starting Create Static Device Nodes in /dev...
[[0;32m  OK  [0m] Mounted POSIX Message Queue File System.
[[0;32m  OK  [0m] Mounted Huge Pages File System.
[[0;32m  OK  [0m] Started File System Check Daemon to report status.
[[0;32m  OK  [0m] Started Create Static Device Nodes in /dev.
[   11.044793] iscsi: registered transport (tcp)
[[0;32m  OK  [0m] Started Monitoring of LVM2 mirrors,â€¦sing dmeventd or progress polling.
[[0;32m  OK  [0m] Started Journal Service.
[[0;32m  OK  [0m] Started Set the console keyboard layout.
[[0;32m  OK  [0m] Started udev Coldplug all Devices.
[[0;32m  OK  [0m] Started File System Check on Root Device.
         Starting Remount Root and Kernel File Systems...
[   11.114282] iscsi: registered transport (iser)
[[0;32m  OK  [0m] Started Load[   11.117576] EXT4-fs (sda1): re-mounted. Opts: (null)
 Kernel Modules.
[[0;32m  OK  [0m] Started Remount Root and Kernel File Systems.
         Starting Flush Journal to Persistent Storage...
         Starting Load/Save Random Seed...
         Starting udev Kernel Device Manager...
[[0;32m  OK  [0m] Reached target Local File Systems (Pre).
[[0;32m  OK  [0m] Reached target Local File Systems.
         Starting Tell Plymouth To Write Out Runtime Data...
         Starting Set console font and keymap...
         Starting Commit a transient machine-id on disk...
         Starting AppArmor initialization...
         Starting ebtables ruleset management...
         Mounting FUSE Control File System...
         Starting Apply Kernel Variables...
         Mounting Kernel Configuration File System...
[[0;32m  OK  [0m] Started Load/Save Random Seed.
[[0;32m  OK  [0m] Started udev Kernel Device Manager.
[[0;32m  OK  [0m] Mounted FUSE Control File System.
[[0;32m  OK  [0m] Mounted Kernel Configuration File System.
[[0;32m  OK  [0m] Started Dispatch Password Requests to Console Directory Watch.
[[0;32m  OK  [0m] Reached target Local Encrypted Volumes.
[[0;32m  OK  [0m] Started Tell Plymouth To Write Out Runtime Data.
[[0;32m  OK  [0m] Started Set console font and keymap.
[[0;32m  OK  [0m] Started Apply Kernel Variables.
[[0;32m  OK  [0m] Started Flush Journal to Persistent Storage.
         Starting Create Volatile Files and Directories...
[[0;32m  OK  [0m] Started Commit a transient machine-id on disk.
[[0;32m  OK  [0m] Started ebtables ruleset management.
[[0;32m  OK  [0m] Started Create Volatile Files and Directories.
         Starting Update UTMP about System Boot/Shutdown...
[[0;32m  OK  [0m] Started Update UTMP about System Boot/Shutdown.
[[0;32m  OK  [0m] Found device /dev/ttyS0.
[[0;32m  OK  [0m] Listening on Load/Save RF Kill Switch Status /dev/rfkill Watch.
[[0;32m  OK  [0m] Started AppArmor initialization.
         Starting Load AppArmor profiles managed internally by snapd...
         Starting Initial cloud-init job (pre-networking)...
[[0;32m  OK  [0m] Started Load AppArmor profiles managed internally by snapd.
[   13.932394] cloud-init[581]: Cloud-init v. 22.2-0ubuntu1~18.04.3 running 'init-local' at Wed, 21 Sep 2022 15:28:58 +0000. Up 13.54 seconds.
[[0;32m  OK  [0m] Started Initial cloud-init job (pre-networking).
[[0;32m  OK  [0m] Reached target Network (Pre).
         Starting Network Service...
[[0;32m  OK  [0m] Started Network Service.
         Starting Wait for Network to be Configured...
         Starting Network Name Resolution...
[[0;32m  OK  [0m] Started Network Name Resolution.
[[0;32m  OK  [0m] Reached target Host and Network Name Lookups.
[[0;32m  OK  [0m] Reached target Network.
[[0;32m  OK  [0m] Started Wait for Network to be Configured.
         Starting Initial cloud-init job (metadata service crawler)...
[   16.596994] cloud-init[671]: Cloud-init v. 22.2-0ubuntu1~18.04.3 running 'init' at Wed, 21 Sep 2022 15:29:01 +0000. Up 16.37 seconds.
[   16.604851] cloud-init[671]: ci-info: ++++++++++++++++++++++++++++++++++++++Net device info++++++++++++++++++++++++++++++++++++++
[   16.612604] cloud-init[671]: ci-info: +--------+-------+---------------------------+---------------+--------+-------------------+
[   16.618293] cloud-init[671]: ci-info: | Device |   Up  |          Address          |      Mask     | Scope  |     Hw-Address    |
[   16.624315] cloud-init[671]: ci-info: +--------+-------+---------------------------+---------------+--------+-------------------+
[   16.640748] cloud-init[671]: ci-info: | enp0s3 |  True |         10.0.2.15         | 255.255.255.0 | global | 02:de:0f:a2:7f:32 |
[   16.660750] cloud-init[671]: ci-info: | enp0s3 |  True | fe80::de:fff:fea2:7f32/64 |       .       |  link  | 02:de:0f:a2:7f:32 |
[   16.664906] cloud-init[671]: ci-info: | enp0s8 | False |             .             |       .       |   .    | 08:00:27:8d:cd:b6 |
[   16.668586] cloud-init[671]: ci-info: |   lo   |  True |         127.0.0.1         |   255.0.0.0   |  host  |         .         |
[   16.672744] cloud-init[671]: ci-info: |   lo   |  True |          ::1/128          |       .       |  host  |         .         |
[   16.677343] cloud-init[671]: ci-info: +--------+-------+---------------------------+---------------+--------+-------------------+
[   16.682011] cloud-init[671]: ci-info: ++++++++++++++++++++++++++++Route IPv4 info+++++++++++++++++++++++++++++
[   16.686200] cloud-init[671]: ci-info: +-------+-------------+----------+-----------------+-----------+-------+
[   16.689917] cloud-init[671]: ci-info: | Route | Destination | Gateway  |     Genmask     | Interface | Flags |
[   16.693433] cloud-init[671]: ci-info: +-------+-------------+----------+-----------------+-----------+-------+
[   16.696857] cloud-init[671]: ci-info: |   0   |   0.0.0.0   | 10.0.2.2 |     0.0.0.0     |   enp0s3  |   UG  |
[   16.700346] cloud-init[671]: ci-info: |   1   |   10.0.2.0  | 0.0.0.0  |  255.255.255.0  |   enp0s3  |   U   |
[   16.704202] cloud-init[671]: ci-info: |   2   |   10.0.2.2  | 0.0.0.0  | 255.255.255.255 |   enp0s3  |   UH  |
[   16.706958] cloud-init[671]: ci-info: +-------+-------------+----------+-----------------+-----------+-------+
[   16.711395] cloud-init[671]: ci-info: +++++++++++++++++++Route IPv6 info+++++++++++++++++++
[   16.714583] cloud-init[671]: ci-info: +-------+-------------+---------+-----------+-------+
[   16.717553] cloud-init[671]: ci-info: | Route | Destination | Gateway | Interface | Flags |
[   16.720452] cloud-init[671]: ci-info: +-------+-------------+---------+-----------+-------+
[   16.723303] cloud-init[671]: ci-info: |   1   |  fe80::/64  |    ::   |   enp0s3  |   U   |
[   16.726465] cloud-init[671]: ci-info: |   3   |    local    |    ::   |   enp0s3  |   U   |
[   16.729138] cloud-init[671]: ci-info: |   4   |   ff00::/8  |    ::   |   enp0s3  |   U   |
[   16.731987] cloud-init[671]: ci-info: +-------+-------------+---------+-----------+-------+
[   17.447815] cloud-init[671]: Generating public/private rsa key pair.
[   17.450254] cloud-init[671]: Your identification has been saved in /etc/ssh/ssh_host_rsa_key.
[   17.453242] cloud-init[671]: Your public key has been saved in /etc/ssh/ssh_host_rsa_key.pub.
[   17.456186] cloud-init[671]: The key fingerprint is:
[   17.457901] cloud-init[671]: SHA256:6O6/WZNJ/OZMCNRAko+2QAjqSTk2hbIp2jOZGR8QG+Y root@ubuntu-bionic
[   17.461067] cloud-init[671]: The key's randomart image is:
[   17.462965] cloud-init[671]: +---[RSA 2048]----+
[   17.464658] cloud-init[671]: |..=+  .oo        |
[   17.466285] cloud-init[671]: |o+=o. .. o       |
[   17.467995] cloud-init[671]: |oOEo   o. .      |
[   17.469679] cloud-init[671]: |B = o oo..       |
[   17.471315] cloud-init[671]: |o+ * +..S o      |
[   17.472980] cloud-init[671]: |. B ...  o =     |
[   17.474454] cloud-init[671]: |   o  .   * +    |
[   17.476123] cloud-init[671]: |     .   o *     |
[   17.477893] cloud-init[671]: |     .o.+.  o    |
[   17.479533] cloud-init[671]: +----[SHA256]-----+
[   17.481199] cloud-init[671]: Generating public/private dsa key pair.
[   17.483497] cloud-init[671]: Your identification has been saved in /etc/ssh/ssh_host_dsa_key.
[   17.486424] cloud-init[671]: Your public key has been saved in /etc/ssh/ssh_host_dsa_key.pub.
[   17.489363] cloud-init[671]: The key fingerprint is:
[   17.491115] cloud-init[671]: SHA256:4et6smkx/ycsm5Mh4m9+6UvZqT8ZXVq1J5RmYqGM7UU root@ubuntu-bionic
[   17.494171] cloud-init[671]: The key's randomart image is:
[   17.496001] cloud-init[671]: +---[DSA 1024]----+
[   17.497675] cloud-init[671]: |            E. . |
[   17.499302] cloud-init[671]: |         + oo = .|
[   17.500961] cloud-init[671]: |        o +..= ..|
[   17.502848] cloud-init[671]: |       . o .  +..|
[   17.505521] cloud-init[671]: |        S .. + ..|
[   17.507830] cloud-init[671]: |    . + .+..o    |
[   17.509649] cloud-init[671]: |   . . =+=oo     |
[   17.511403] cloud-init[671]: |    . ++Oo= .    |
[   17.513024] cloud-init[671]: |     =*BBBo+     |
[   17.514720] cloud-init[671]: +----[SHA256]-----+
[   17.516464] cloud-init[671]: Generating public/private ecdsa key pair.
[   17.518684] cloud-init[671]: Your identification has been saved in /etc/ssh/ssh_host_ecdsa_key.
[   17.521710] cloud-init[671]: Your public key has been saved in /etc/ssh/ssh_host_ecdsa_key.pub.
[   17.525166] cloud-init[671]: The key fingerprint is:
[   17.527111] cloud-init[671]: SHA256:zryCgdEyKUOUlIrm137QEUdj6tu90+05Vjx2pFto2LI root@ubuntu-bionic
[   17.530262] cloud-init[671]: The key's randomart image is:
[   17.532147] cloud-init[671]: +---[ECDSA 256]---+
[   17.533796] cloud-init[671]: |ooo     .+       |
[   17.535451] cloud-init[671]: | +     .o..      |
[   17.537120] cloud-init[671]: |+  o   .o        |
[   17.538761] cloud-init[671]: |=.= . ..        .|
[   17.540607] cloud-init[671]: |oo =. ..S    o = |
[   17.542275] cloud-init[671]: | ....o =o . o =o=|
[   17.543908] cloud-init[671]: |  . .o..+. ..+oo+|
[   17.545586] cloud-init[671]: |    .... . .E..+.|
[   17.547230] cloud-init[671]: |      ...  .. oo.|
[   17.548894] cloud-init[671]: +----[SHA256]-----+
[   17.550519] cloud-init[671]: Generating public/private ed25519 key pair.
[   17.552808] cloud-init[671]: Your identification has been saved in /etc/ssh/ssh_host_ed25519_key.
[   17.555837] cloud-init[671]: Your public key has been saved in /etc/ssh/ssh_host_ed25519_key.pub.
[   17.558857] cloud-init[671]: The key fingerprint is:
[   17.560667] cloud-init[671]: SHA256:zXz/t1KNjhATIL+vTmo/Gn8+751GY7c7HOOLGG6BL9c root@ubuntu-bionic
[   17.563714] cloud-init[671]: The key's randomart image is:
[   17.565583] cloud-init[671]: +--[ED25519 256]--+
[   17.567218] cloud-init[671]: |      . ..       |
[   17.568881] cloud-init[671]: |       o  .      |
[   17.570520] cloud-init[671]: |        .  .     |
[   17.572176] cloud-init[671]: |         =o      |
[   17.573913] cloud-init[671]: |        S =o.  ..|
[   17.575545] cloud-init[671]: |         o.o .=+o|
[   17.577211] cloud-init[671]: |      . . ooo==o+|
[   17.578945] cloud-init[671]: |      .=.o+++E+B.|
[   17.580411] cloud-init[671]: |     .o+=+=*oo++B|
[   17.582191] cloud-init[671]: +----[SHA256]-----+
[[0;32m  OK  [0m] Started Initial cloud-init job (metadata service crawler).
[[0;32m  OK  [0m] Reached target Network is Online.
[[0;32m  OK  [0m] Reached target Remote File Systems (Pre).
[[0;32m  OK  [0m] Reached target Remote File Systems.
         Starting Availability of block devices...
[[0;32m  OK  [0m] Reached target System Initialization.
         Starting LXD - unix socket.
[[0;32m  OK  [0m] Listening on Open-iSCSI iscsid Socket.
[[0;32m  OK  [0m] Listening on ACPID Listen Socket.
[[0;32m  OK  [0m] Started ACPI Events Check.
         Starting Socket activation for snappy daemon.
[[0;32m  OK  [0m] Started Ubuntu Advantage Timer for running repeated jobs.
[[0;32m  OK  [0m] Listening on D-Bus System Message Bus Socket.
[[0;32m  OK  [0m] Reached target Paths.
[[0;32m  OK  [0m] Listening on cloud-init hotplug hook socket.
[[0;32m  OK  [0m] Started Daily apt download activities.
[[0;32m  OK  [0m] Started Daily apt upgrade and clean activities.
[[0;32m  OK  [0m] Started Message of the Day.
[[0;32m  OK  [0m] Started Daily Cleanup of Temporary Directories.
[[0;32m  OK  [0m] Started Discard unused blocks once a week.
[[0;32m  OK  [0m] Reached target Timers.
[[0;32m  OK  [0m] Listening on UUID daemon activation socket.
[[0;32m  OK  [0m] Reached target Cloud-config availability.
[[0;32m  OK  [0m] Started Availability of block devices.
[[0;32m  OK  [0m] Listening on LXD - unix socket.
[[0;32m  OK  [0m] Listening on Socket activation for snappy daemon.
[[0;32m  OK  [0m] Reached target Sockets.
[[0;32m  OK  [0m] Reached target Basic System.
[[0;32m  OK  [0m] Started Deferred execution scheduler.
         Starting Dispatcher daemon for systemd-networkd...
         Starting System Logging Service...
         Starting Pollinate to seed the pseudo random number generator...
         Starting LSB: Record successful boot for GRUB...
         Starting Accounts Service...
         Starting LSB: automatic crash report generation...
[[0;32m  OK  [0m] Started Regular background program processing daemon.
         Starting Permit User Sessions...
[[0;32m  OK  [0m] Started D-Bus System Message Bus.
         Starting Virtualbox guest utils...
         Starting Snap Daemon...
         Starting Login Service...
[[0;32m  OK  [0m] Started irqbalance daemon.
[[0;32m  OK  [0m] Started FUSE filesystem for LXC.
         Starting LXD - container startup/shutdown...
[[0;32m  OK  [0m] Started System Logging Service.
[[0;32m  OK  [0m] Started Permit User Sessions.
         Starting Hold until boot process finishes up...
         Starting Terminate Plymouth Boot Screen...
[[0;32m  OK  [0m] Started Hold until boot process finishes up.
[[0;32m  OK  [0m] Started Serial Getty on ttyS0.
         Starting Set console scheme...
[[0;32m  OK  [0m] Started Terminate Plymouth Boot Screen.
         Starting Authorization Manager...
[[0;32m  OK  [0m] Started Set console scheme.
[[0;32m  OK  [0m] Created slice system-getty.slice.
[[0;32m  OK  [0m] Started Getty on tty1.
[[0;32m  OK  [0m] Reached target Login Prompts.
[[0;32m  OK  [0m] Started Login Service.
[[0;32m  OK  [0m] Started Unattended Upgrades Shutdown.
[[0;32m  OK  [0m] Started Authorization Manager.
[[0;32m  OK  [0m] Started Accounts Service.
[[0;32m  OK  [0m] Started LSB: automatic crash report generation.
[[0;32m  OK  [0m] Started LSB: Record successful boot for GRUB.
[[0;32m  OK  [0m] Started Virtualbox guest utils.
[[0;32m  OK  [0m] Started LXD - container startup/shutdown.
[[0;32m  OK  [0m] Started Dispatcher daemon for systemd-networkd.
[[0;32m  OK  [0m] Started Snap Daemon.
         Starting Wait until snapd is fully seeded...
         Starting Time & Date Service...
[[0;32m  OK  [0m] Started Time & Date Service.
[[0;32m  OK  [0m] Started Pollinate to seed the pseudo random number generator.
         Starting OpenBSD Secure Shell server...
[[0;32m  OK  [0m] Started OpenBSD Secure Shell server.
[[0;32m  OK  [0m] Created slice User Slice of vagrant.
         Starting User Manager for UID 1000...
[[0;32m  OK  [0m] Started Session 1 of user vagrant.
[[0;32m  OK  [0m] Started User Manager for UID 1000.
[[0;32m  OK  [0m] Started Wait until snapd is fully seeded.
         Starting Apply the settings specified in cloud-config...
[   23.642105] cloud-init[1186]: Cloud-init v. 22.2-0ubuntu1~18.04.3 running 'modules:config' at Wed, 21 Sep 2022 15:29:08 +0000. Up 22.83 seconds.

Ubuntu 18.04.6 LTS ubuntu-bionic ttyS0

ubuntu-bionic login: ci-info: no authorized SSH keys fingerprints found for user ubuntu.
<14>Sep 21 15:29:10 cloud-init: #############################################################
<14>Sep 21 15:29:10 cloud-init: -----BEGIN SSH HOST KEY FINGERPRINTS-----
<14>Sep 21 15:29:10 cloud-init: 1024 SHA256:4et6smkx/ycsm5Mh4m9+6UvZqT8ZXVq1J5RmYqGM7UU root@ubuntu-bionic (DSA)
<14>Sep 21 15:29:10 cloud-init: 256 SHA256:zryCgdEyKUOUlIrm137QEUdj6tu90+05Vjx2pFto2LI root@ubuntu-bionic (ECDSA)
<14>Sep 21 15:29:10 cloud-init: 256 SHA256:zXz/t1KNjhATIL+vTmo/Gn8+751GY7c7HOOLGG6BL9c root@ubuntu-bionic (ED25519)
<14>Sep 21 15:29:10 cloud-init: 2048 SHA256:6O6/WZNJ/OZMCNRAko+2QAjqSTk2hbIp2jOZGR8QG+Y root@ubuntu-bionic (RSA)
<14>Sep 21 15:29:10 cloud-init: -----END SSH HOST KEY FINGERPRINTS-----
<14>Sep 21 15:29:10 cloud-init: #############################################################
-----BEGIN SSH HOST KEY KEYS-----
ecdsa-sha2-nistp256 AAAAE2VjZHNhLXNoYTItbmlzdHAyNTYAAAAIbmlzdHAyNTYAAABBBDeb8Z1KPw1ZH+JrJ3V3CFrCzb10K6hW0lIg6CsYO1HXCv+OtJIYbHlmEQ6PVvQLo0tmKI/hnVAByfuqiH0zg2g= root@ubuntu-bionic
ssh-ed25519 AAAAC3NzaC1lZDI1NTE5AAAAIOjJ3CW/20QWxZBist9/iwrXEnEAGywdCR0skB8kBR7T root@ubuntu-bionic
ssh-rsa AAAAB3NzaC1yc2EAAAADAQABAAABAQDEC4HrCBl3uLcozU3fPt5Zr8KJLIgVSV0dXg32hbphnS/TXv5y2gn8MTvclzhDbSljo44hcQywJ7f48528UZsJhc/z+hRBAvwamidRnTVNTJieeXnh52kLVt2wDZ2CmTTQ+4Tui4kE++4x6Vei09oY0z+bInG0gFXSobdu9l0etrH8LfNXKNU8VA+L6I/KWoGP7AAv2lmQMV9UIDpmFNrYvbucwMFMv34sOLU4B0GwoCYumqartz9rZvCpA9YMcXihQeOLyHIP2zVIhRs/8Lu6Qac6kBYC+e/AdXfO/ZoBfuj96OQKMfd8236RmPQxsAGZkQL2C/yDopFFhXvuFLdz root@ubuntu-bionic
-----END SSH HOST KEY KEYS-----
[   24.691189] cloud-init[1377]: Cloud-init v. 22.2-0ubuntu1~18.04.3 running 'modules:final' at Wed, 21 Sep 2022 15:29:09 +0000. Up 24.43 seconds.
[   24.691299] cloud-init[1377]: Cloud-init v. 22.2-0ubuntu1~18.04.3 finished at Wed, 21 Sep 2022 15:29:10 +0000. Datasource DataSourceNoCloud [seed=/dev/sdb][dsmode=net].  Up 24.67 seconds
